// Jest Snapshot v1, https://goo.gl/fbAQLP

exports[`Footer renders 1`] = `
<div
  id="footer"
>
  <a
    href="https://redash.io"
  >
    Redash
  </a>
   
  5.0.1
   (
  dev
  )
  <small>
    <a
      href="https://version.redash.io/"
    >
      (New Redash version available)
    </a>
  </small>
   • 
  <a
    href="https://redash.io/help/"
  >
    Documentation
  </a>
   • 
  <a
    href="https://github.com/getredash/redash"
  >
    Contribute
  </a>
</div>
`;
